Archive member included to satisfy reference by file (symbol)

../libopencm3/lib\libopencm3_stm32f1.a(desig.o)
                              build/STM32F103/./stm32f103/target_stm32f103.o (desig_get_unique_id_as_string)
../libopencm3/lib\libopencm3_stm32f1.a(flash.o)
                              build/STM32F103/./stm32f103/target_stm32f103.o (flash_program_half_word)
../libopencm3/lib\libopencm3_stm32f1.a(gpio.o)
                              build/STM32F103/./stm32f103/target_stm32f103.o (gpio_set_mode)
../libopencm3/lib\libopencm3_stm32f1.a(rcc.o)
                              build/STM32F103/./stm32f103/target_stm32f103.o (rcc_clock_setup_in_hse_16mhz_out_72mhz)
../libopencm3/lib\libopencm3_stm32f1.a(gpio_common_all.o)
                              build/STM32F103/./stm32f103/target_stm32f103.o (gpio_clear)
../libopencm3/lib\libopencm3_stm32f1.a(rcc_common_all.o)
                              build/STM32F103/./stm32f103/target_stm32f103.o (rcc_periph_clock_enable)
../libopencm3/lib\libopencm3_stm32f1.a(flash_common_f01.o)
                              ../libopencm3/lib\libopencm3_stm32f1.a(rcc.o) (flash_set_ws)
../libopencm3/lib\libopencm3_stm32f1.a(usb.o)
                              build/STM32F103/usb_conf.o (usbd_init)
../libopencm3/lib\libopencm3_stm32f1.a(usb_control.o)
                              build/STM32F103/usb_msc.o (usbd_register_control_callback)
../libopencm3/lib\libopencm3_stm32f1.a(usb_standard.o)
                              build/STM32F103/usb_msc.o (usbd_register_set_config_callback)
../libopencm3/lib\libopencm3_stm32f1.a(st_usbfs_v1.o)
                              build/STM32F103/./stm32f103/target_stm32f103.o (st_usbfs_v1_usb_driver)
../libopencm3/lib\libopencm3_stm32f1.a(vector.o)
                              (reset_handler)
../libopencm3/lib\libopencm3_stm32f1.a(scb.o)
                              build/STM32F103/./stm32f103/target_stm32f103.o (scb_reset_system)
../libopencm3/lib\libopencm3_stm32f1.a(assert.o)
                              ../libopencm3/lib\libopencm3_stm32f1.a(rcc.o) (cm3_assert_failed)
../libopencm3/lib\libopencm3_stm32f1.a(st_usbfs_core.o)
                              ../libopencm3/lib\libopencm3_stm32f1.a(st_usbfs_v1.o) (st_usbfs_set_address)
c:/msys64/mingw64/bin/../lib/gcc/arm-none-eabi/12.2.0/../../../../arm-none-eabi/lib/thumb/v7-m/nofp\libc.a(libc_a-memcmp.o)
                              build/STM32F103/ghostfat.o (memcmp)
c:/msys64/mingw64/bin/../lib/gcc/arm-none-eabi/12.2.0/../../../../arm-none-eabi/lib/thumb/v7-m/nofp\libc.a(libc_a-memmove.o)
                              build/STM32F103/dmesg.o (memmove)
c:/msys64/mingw64/bin/../lib/gcc/arm-none-eabi/12.2.0/../../../../arm-none-eabi/lib/thumb/v7-m/nofp\libc.a(libc_a-memset.o)
                              build/STM32F103/dmesg.o (memset)
c:/msys64/mingw64/bin/../lib/gcc/arm-none-eabi/12.2.0/../../../../arm-none-eabi/lib/thumb/v7-m/nofp\libc.a(libc_a-strncpy.o)
                              build/STM32F103/usb_conf.o (strncpy)
c:/msys64/mingw64/bin/../lib/gcc/arm-none-eabi/12.2.0/../../../../arm-none-eabi/lib/thumb/v7-m/nofp\libc.a(libc_a-memcpy.o)
                              build/STM32F103/dmesg.o (memcpy)
c:/msys64/mingw64/bin/../lib/gcc/arm-none-eabi/12.2.0/../../../../arm-none-eabi/lib/thumb/v7-m/nofp\libc.a(libc_a-strlen-stub.o)
                              build/STM32F103/dmesg.o (strlen)

Discarded input sections

 .text          0x00000000        0x0 build/STM32F103/./stm32f103/backup.o
 .data          0x00000000        0x0 build/STM32F103/./stm32f103/backup.o
 .bss           0x00000000        0x0 build/STM32F103/./stm32f103/backup.o
 .text          0x00000000        0x0 build/STM32F103/./stm32f103/target_stm32f103.o
 .data          0x00000000        0x0 build/STM32F103/./stm32f103/target_stm32f103.o
 .bss           0x00000000        0x0 build/STM32F103/./stm32f103/target_stm32f103.o
 .text.target_get_max_firmware_size
                0x00000000        0x6 build/STM32F103/./stm32f103/target_stm32f103.o
 .text          0x00000000        0x0 build/STM32F103/dapboot.o
 .data          0x00000000        0x0 build/STM32F103/dapboot.o
 .bss           0x00000000        0x0 build/STM32F103/dapboot.o
 .text          0x00000000        0x0 build/STM32F103/dmesg.o
 .data          0x00000000        0x0 build/STM32F103/dmesg.o
 .bss           0x00000000        0x0 build/STM32F103/dmesg.o
 .text          0x00000000        0x0 build/STM32F103/dummy.o
 .data          0x00000000        0x0 build/STM32F103/dummy.o
 .bss           0x00000000        0x0 build/STM32F103/dummy.o
 .text.target_get_serial_number
                0x00000000        0x8 build/STM32F103/dummy.o
 .text.target_log
                0x00000000        0x2 build/STM32F103/dummy.o
 .text.target_manifest_app
                0x00000000        0x6 build/STM32F103/dummy.o
 .text          0x00000000        0x0 build/STM32F103/ghostfat.o
[...]
Memory Configuration

Name             Origin             Length             Attributes
rom              0x08000000         0x00004000         xr
ram              0x20000000         0x00004ffc         xrw
*default*        0x00000000         0xffffffff

Linker script and memory map

LOAD build/STM32F103/./stm32f103/backup.o
LOAD build/STM32F103/./stm32f103/target_stm32f103.o
LOAD build/STM32F103/dapboot.o
LOAD build/STM32F103/dmesg.o
LOAD build/STM32F103/dummy.o
LOAD build/STM32F103/ghostfat.o
LOAD build/STM32F103/usb_conf.o
LOAD build/STM32F103/usb_msc.o
LOAD build/STM32F103/webusb.o
LOAD build/STM32F103/winusb.o
LOAD ../libopencm3/lib\libopencm3_stm32f1.a
START GROUP
LOAD c:/msys64/mingw64/bin/../lib/gcc/arm-none-eabi/12.2.0/../../../../arm-none-eabi/lib/thumb/v7-m/nofp\libc.a
LOAD c:/msys64/mingw64/bin/../lib/gcc/arm-none-eabi/12.2.0/thumb/v7-m/nofp\libgcc.a
LOAD c:/msys64/mingw64/bin/../lib/gcc/arm-none-eabi/12.2.0/../../../../arm-none-eabi/lib/thumb/v7-m/nofp\libnosys.a
END GROUP
START GROUP
LOAD c:/msys64/mingw64/bin/../lib/gcc/arm-none-eabi/12.2.0/thumb/v7-m/nofp\libgcc.a
LOAD c:/msys64/mingw64/bin/../lib/gcc/arm-none-eabi/12.2.0/../../../../arm-none-eabi/lib/thumb/v7-m/nofp\libc.a
END GROUP

.text           0x08000000     0x2c60
 *(.vectors)
 .vectors       0x08000000      0x150 ../libopencm3/lib\libopencm3_stm32f1.a(vector.o)
                0x08000000                vector_table
 *(.text*)
 .text.backup_write
                0x08000150        0xc build/STM32F103/./stm32f103/backup.o
                0x08000150                backup_write
 .text.backup_read
                0x0800015c        0xc build/STM32F103/./stm32f103/backup.o
                0x0800015c                backup_read
 .text.target_clock_setup
                0x08000168        0x4 build/STM32F103/./stm32f103/target_stm32f103.o
                0x08000168                target_clock_setup
 .text.target_set_led
                0x0800016c        0x2 build/STM32F103/./stm32f103/target_stm32f103.o
                0x0800016c                target_set_led
 *fill*         0x0800016e        0x2 
 .text.target_gpio_setup
                0x08000170       0x30 build/STM32F103/./stm32f103/target_stm32f103.o
                0x08000170                target_gpio_setup
 .text.target_usb_init
                0x080001a0       0x2c build/STM32F103/./stm32f103/target_stm32f103.o
                0x080001a0                target_usb_init
 .text.target_manifest_app
                0x080001cc       0x14 build/STM32F103/./stm32f103/target_stm32f103.o
                0x080001cc                target_manifest_app
 .text.target_get_force_app
                0x080001e0       0x24 build/STM32F103/./stm32f103/target_stm32f103.o
                0x080001e0                target_get_force_app
 .text.target_get_force_bootloader
                0x08000204       0x4c build/STM32F103/./stm32f103/target_stm32f103.o
                0x08000204                target_get_force_bootloader
 .text.target_get_serial_number
                0x08000250        0x6 build/STM32F103/./stm32f103/target_stm32f103.o
                0x08000250                target_get_serial_number
 .text.target_relocate_vector_table
                0x08000256        0xe build/STM32F103/./stm32f103/target_stm32f103.o
                0x08000256                target_relocate_vector_table
 .text.target_flash_unlock
                0x08000264        0x4 build/STM32F103/./stm32f103/target_stm32f103.o
                0x08000264                target_flash_unlock
 .text.target_flash_lock
                0x08000268        0x4 build/STM32F103/./stm32f103/target_stm32f103.o
                0x08000268                target_flash_lock
 .text.target_flash_program_array
                0x0800026c       0x70 build/STM32F103/./stm32f103/target_stm32f103.o
                0x0800026c                target_flash_program_array
 .text.jump_to_application
                0x080002dc       0x1c build/STM32F103/dapboot.o
 .text.validate_application
                0x080002f8       0x1c build/STM32F103/dapboot.o
                0x080002f8                validate_application
 .text.startup.main
                0x08000314      0x108 build/STM32F103/dapboot.o
                0x08000314                main
 .text.logwrite
                0x0800041c       0x14 build/STM32F103/dmesg.o
 .text.logwritenum
                0x08000430       0xd4 build/STM32F103/dmesg.o
 .text.logwriten
                0x08000504       0x70 build/STM32F103/dmesg.o
 .text.codal_vdmesg
                0x08000574       0xa8 build/STM32F103/dmesg.o
                0x08000574                codal_vdmesg
 .text.codal_dmesg
                0x0800061c       0x1a build/STM32F103/dmesg.o
                0x0800061c                codal_dmesg
 .text.target_pre_main
                0x08000636        0x2 build/STM32F103/dummy.o
                0x08000636                target_pre_main
 .text.flushFlash
                0x08000638       0x74 build/STM32F103/ghostfat.o
 .text.ghostfat_1ms
                0x080006ac       0x40 build/STM32F103/ghostfat.o
                0x080006ac                ghostfat_1ms
 .text.read_block
                0x080006ec      0x16c build/STM32F103/ghostfat.o
                0x080006ec                read_block
 .text.write_block
                0x08000858      0x148 build/STM32F103/ghostfat.o
                0x08000858                write_block
 .text.usb_set_serial_number
                0x080009a0       0x1c build/STM32F103/usb_conf.o
                0x080009a0                usb_set_serial_number
 .text.usb_setup
                0x080009bc       0x3c build/STM32F103/usb_conf.o
                0x080009bc                usb_setup
 .text.msc_control_request
                0x080009f8       0x24 build/STM32F103/usb_msc.o
 .text.msc_set_config
                0x08000a1c       0x48 build/STM32F103/usb_msc.o
 .text.scsi_command.constprop.0
                0x08000a64      0x2b8 build/STM32F103/usb_msc.o
 .text.msc_data_tx_cb
                0x08000d1c       0xd0 build/STM32F103/usb_msc.o
 .text.msc_data_rx_cb
                0x08000dec      0x168 build/STM32F103/usb_msc.o
 .text.usb_msc_init
                0x08000f54       0x64 build/STM32F103/usb_msc.o
                0x08000f54                usb_msc_init
 .text.winusb_set_config
                0x08000fb8       0x10 build/STM32F103/winusb.o
 .text.winusb_control_vendor_request
                0x08000fc8       0x34 build/STM32F103/winusb.o
 .text.winusb_setup
                0x08000ffc       0x30 build/STM32F103/winusb.o
                0x08000ffc                winusb_setup
 .text.desig_get_unique_id
                0x0800102c       0x1c ../libopencm3/lib\libopencm3_stm32f1.a(desig.o)
                0x0800102c                desig_get_unique_id
 .text.desig_get_unique_id_as_string
                0x08001048       0x70 ../libopencm3/lib\libopencm3_stm32f1.a(desig.o)
                0x08001048                desig_get_unique_id_as_string
 .text.flash_get_status_flags
                0x080010b8       0x24 ../libopencm3/lib\libopencm3_stm32f1.a(flash.o)
                0x080010b8                flash_get_status_flags
 .text.flash_program_half_word
                0x080010dc       0x80 ../libopencm3/lib\libopencm3_stm32f1.a(flash.o)
                0x080010dc                flash_program_half_word
 .text.flash_erase_page
                0x0800115c       0x90 ../libopencm3/lib\libopencm3_stm32f1.a(flash.o)
                0x0800115c                flash_erase_page
 .text.gpio_set_mode
                0x080011ec       0x6a ../libopencm3/lib\libopencm3_stm32f1.a(gpio.o)
                0x080011ec                gpio_set_mode
 *fill*         0x08001256        0x2 
 .text.rcc_wait_for_osc_ready
                0x08001258       0x5c ../libopencm3/lib\libopencm3_stm32f1.a(rcc.o)
                0x08001258                rcc_wait_for_osc_ready
 .text.rcc_osc_on
                0x080012b4       0x60 ../libopencm3/lib\libopencm3_stm32f1.a(rcc.o)
                0x080012b4                rcc_osc_on
 .text.rcc_set_sysclk_source
                0x08001314       0x14 ../libopencm3/lib\libopencm3_stm32f1.a(rcc.o)
                0x08001314                rcc_set_sysclk_source
 .text.rcc_set_pll_multiplication_factor
                0x08001328       0x14 ../libopencm3/lib\libopencm3_stm32f1.a(rcc.o)
                0x08001328                rcc_set_pll_multiplication_factor
 .text.rcc_set_pll_source
                0x0800133c       0x14 ../libopencm3/lib\libopencm3_stm32f1.a(rcc.o)
                0x0800133c                rcc_set_pll_source
 .text.rcc_set_pllxtpre
                0x08001350       0x14 ../libopencm3/lib\libopencm3_stm32f1.a(rcc.o)
                0x08001350                rcc_set_pllxtpre
 .text.rcc_set_adcpre
                0x08001364       0x14 ../libopencm3/lib\libopencm3_stm32f1.a(rcc.o)
                0x08001364                rcc_set_adcpre
 .text.rcc_set_ppre2
                0x08001378       0x14 ../libopencm3/lib\libopencm3_stm32f1.a(rcc.o)
                0x08001378                rcc_set_ppre2
 .text.rcc_set_ppre1
                0x0800138c       0x14 ../libopencm3/lib\libopencm3_stm32f1.a(rcc.o)
                0x0800138c                rcc_set_ppre1
 .text.rcc_set_hpre
                0x080013a0       0x14 ../libopencm3/lib\libopencm3_stm32f1.a(rcc.o)
                0x080013a0                rcc_set_hpre
 .text.rcc_clock_setup_in_hse_16mhz_out_72mhz
                0x080013b4       0x88 ../libopencm3/lib\libopencm3_stm32f1.a(rcc.o)
                0x080013b4                rcc_clock_setup_in_hse_16mhz_out_72mhz
 .text.gpio_clear
                0x0800143c        0x6 ../libopencm3/lib\libopencm3_stm32f1.a(gpio_common_all.o)
                0x0800143c                gpio_clear
 .text.rcc_periph_clock_enable
                0x08001442       0x1a ../libopencm3/lib\libopencm3_stm32f1.a(rcc_common_all.o)
                0x08001442                rcc_periph_clock_enable
 .text.rcc_periph_reset_pulse
                0x0800145c       0x22 ../libopencm3/lib\libopencm3_stm32f1.a(rcc_common_all.o)
                0x0800145c                rcc_periph_reset_pulse
 *fill*         0x0800147e        0x2 
 .text.flash_set_ws
                0x08001480       0x14 ../libopencm3/lib\libopencm3_stm32f1.a(flash_common_f01.o)
                0x08001480                flash_set_ws
 .text.flash_unlock
                0x08001494       0x20 ../libopencm3/lib\libopencm3_stm32f1.a(flash_common_f01.o)
                0x08001494                flash_unlock
 .text.flash_lock
                0x080014b4       0x10 ../libopencm3/lib\libopencm3_stm32f1.a(flash_common_f01.o)
                0x080014b4                flash_lock
 .text.flash_wait_for_last_operation
                0x080014c4        0xc ../libopencm3/lib\libopencm3_stm32f1.a(flash_common_f01.o)
                0x080014c4                flash_wait_for_last_operation
 .text.usbd_init
                0x080014d0       0x5c ../libopencm3/lib\libopencm3_stm32f1.a(usb.o)
                0x080014d0                usbd_init
 .text.usbd_register_extra_string
                0x0800152c       0x16 ../libopencm3/lib\libopencm3_stm32f1.a(usb.o)
                0x0800152c                usbd_register_extra_string
 .text.usbd_poll
                0x08001542        0x8 ../libopencm3/lib\libopencm3_stm32f1.a(usb.o)
                0x08001542                usbd_poll
 .text.usbd_ep_setup
                0x0800154a        0xe ../libopencm3/lib\libopencm3_stm32f1.a(usb.o)
                0x0800154a                usbd_ep_setup
 .text._usbd_reset
                0x08001558       0x32 ../libopencm3/lib\libopencm3_stm32f1.a(usb.o)
                0x08001558                _usbd_reset
 .text.usbd_ep_write_packet
                0x0800158a        0xe ../libopencm3/lib\libopencm3_stm32f1.a(usb.o)
                0x0800158a                usbd_ep_write_packet
 .text.usbd_ep_read_packet
                0x08001598        0xe ../libopencm3/lib\libopencm3_stm32f1.a(usb.o)
                0x08001598                usbd_ep_read_packet
 .text.usbd_ep_stall_set
                0x080015a6        0x8 ../libopencm3/lib\libopencm3_stm32f1.a(usb.o)
                0x080015a6                usbd_ep_stall_set
 .text.usbd_ep_stall_get
                0x080015ae        0x8 ../libopencm3/lib\libopencm3_stm32f1.a(usb.o)
                0x080015ae                usbd_ep_stall_get
 .text.stall_transaction
                0x080015b6       0x14 ../libopencm3/lib\libopencm3_stm32f1.a(usb_control.o)
 .text.usb_control_recv_chunk
                0x080015ca       0x42 ../libopencm3/lib\libopencm3_stm32f1.a(usb_control.o)
 .text.usb_control_send_chunk
                0x0800160c       0x56 ../libopencm3/lib\libopencm3_stm32f1.a(usb_control.o)
 .text.usb_control_request_dispatch
                0x08001662       0x60 ../libopencm3/lib\libopencm3_stm32f1.a(usb_control.o)
 .text.usb_control_setup_read
                0x080016c2       0x6a ../libopencm3/lib\libopencm3_stm32f1.a(usb_control.o)
 .text.usbd_register_control_callback
                0x0800172c       0x2c ../libopencm3/lib\libopencm3_stm32f1.a(usb_control.o)
                0x0800172c                usbd_register_control_callback
 .text._usbd_control_setup
                0x08001758       0x5c ../libopencm3/lib\libopencm3_stm32f1.a(usb_control.o)
                0x08001758                _usbd_control_setup
 .text._usbd_control_out
                0x080017b4       0x84 ../libopencm3/lib\libopencm3_stm32f1.a(usb_control.o)
                0x080017b4                _usbd_control_out
 .text._usbd_control_in
                0x08001838       0x56 ../libopencm3/lib\libopencm3_stm32f1.a(usb_control.o)
                0x08001838                _usbd_control_in
 .text.usb_standard_set_address
                0x0800188e       0x2a ../libopencm3/lib\libopencm3_stm32f1.a(usb_standard.o)
 .text.usb_standard_set_configuration
                0x080018b8       0x7e ../libopencm3/lib\libopencm3_stm32f1.a(usb_standard.o)
 .text.usb_standard_get_configuration
                0x08001936       0x22 ../libopencm3/lib\libopencm3_stm32f1.a(usb_standard.o)
 .text.usb_standard_set_interface
                0x08001958       0x50 ../libopencm3/lib\libopencm3_stm32f1.a(usb_standard.o)
 .text.usb_standard_get_interface
                0x080019a8       0x34 ../libopencm3/lib\libopencm3_stm32f1.a(usb_standard.o)
 .text.usb_standard_device_get_status
                0x080019dc       0x18 ../libopencm3/lib\libopencm3_stm32f1.a(usb_standard.o)
 .text.usb_standard_endpoint_get_status
                0x080019f4       0x2a ../libopencm3/lib\libopencm3_stm32f1.a(usb_standard.o)
 .text.usb_standard_endpoint_stall
                0x08001a1e       0x10 ../libopencm3/lib\libopencm3_stm32f1.a(usb_standard.o)
 .text.usb_standard_endpoint_unstall
                0x08001a2e       0x10 ../libopencm3/lib\libopencm3_stm32f1.a(usb_standard.o)
 .text.usb_standard_get_descriptor
                0x08001a3e      0x32a ../libopencm3/lib\libopencm3_stm32f1.a(usb_standard.o)
 .text.usb_standard_interface_get_status
                0x08001d68       0x18 ../libopencm3/lib\libopencm3_stm32f1.a(usb_standard.o)
 .text.usbd_register_set_config_callback
                0x08001d80       0x26 ../libopencm3/lib\libopencm3_stm32f1.a(usb_standard.o)
                0x08001d80                usbd_register_set_config_callback
 *fill*         0x08001da6        0x2 
 .text._usbd_standard_request_device
                0x08001da8       0x48 ../libopencm3/lib\libopencm3_stm32f1.a(usb_standard.o)
                0x08001da8                _usbd_standard_request_device
 .text._usbd_standard_request_interface
                0x08001df0       0x30 ../libopencm3/lib\libopencm3_stm32f1.a(usb_standard.o)
                0x08001df0                _usbd_standard_request_interface
 .text._usbd_standard_request_endpoint
                0x08001e20       0x3c ../libopencm3/lib\libopencm3_stm32f1.a(usb_standard.o)
                0x08001e20                _usbd_standard_request_endpoint
 .text._usbd_standard_request
                0x08001e5c       0x30 ../libopencm3/lib\libopencm3_stm32f1.a(usb_standard.o)
                0x08001e5c                _usbd_standard_request
 .text.st_usbfs_v1_usbd_init
                0x08001e8c       0x30 ../libopencm3/lib\libopencm3_stm32f1.a(st_usbfs_v1.o)
 .text.st_usbfs_copy_to_pm
                0x08001ebc       0x18 ../libopencm3/lib\libopencm3_stm32f1.a(st_usbfs_v1.o)
                0x08001ebc                st_usbfs_copy_to_pm
 .text.st_usbfs_copy_from_pm
                0x08001ed4       0x26 ../libopencm3/lib\libopencm3_stm32f1.a(st_usbfs_v1.o)
                0x08001ed4                st_usbfs_copy_from_pm
 .text.blocking_handler
                0x08001efa        0x2 ../libopencm3/lib\libopencm3_stm32f1.a(vector.o)
                0x08001efa                usart3_isr
                0x08001efa                rtc_isr
                0x08001efa                tim7_isr
                0x08001efa                adc1_2_isr
                0x08001efa                tim1_trg_com_isr
                0x08001efa                usb_hp_can_tx_isr
                0x08001efa                tim6_isr
                0x08001efa                usb_wakeup_isr
                0x08001efa                blocking_handler
                0x08001efa                tim5_isr
                0x08001efa                otg_fs_isr
                0x08001efa                spi1_isr
                0x08001efa                exti2_isr
                0x08001efa                dma1_channel6_isr
                0x08001efa                can_rx1_isr
                0x08001efa                dma1_channel5_isr
                0x08001efa                dma2_channel5_isr
                0x08001efa                usart1_isr
                0x08001efa                usage_fault_handler
                0x08001efa                tim8_trg_com_isr
                0x08001efa                can2_rx0_isr
                0x08001efa                tim1_brk_isr
                0x08001efa                can2_rx1_isr
                0x08001efa                tim1_cc_isr
                0x08001efa                sdio_isr
                0x08001efa                eth_isr
                0x08001efa                dma1_channel4_isr
                0x08001efa                tim8_brk_isr
                0x08001efa                dma2_channel4_5_isr
                0x08001efa                pvd_isr
                0x08001efa                rcc_isr
                0x08001efa                flash_isr
                0x08001efa                uart4_isr
                0x08001efa                rtc_alarm_isr
                0x08001efa                exti15_10_isr
                0x08001efa                hard_fault_handler
                0x08001efa                exti1_isr
                0x08001efa                i2c1_ev_isr
                0x08001efa                dma2_channel1_isr
                0x08001efa                spi2_isr
                0x08001efa                tim8_up_isr
                0x08001efa                dma2_channel2_isr
                0x08001efa                exti3_isr
                0x08001efa                adc3_isr
                0x08001efa                tim3_isr
                0x08001efa                usart2_isr
                0x08001efa                usb_lp_can_rx0_isr
                0x08001efa                i2c2_er_isr
                0x08001efa                i2c2_ev_isr
                0x08001efa                uart5_isr
                0x08001efa                fsmc_isr
                0x08001efa                dma1_channel1_isr
                0x08001efa                exti4_isr
                0x08001efa                mem_manage_handler
                0x08001efa                can2_tx_isr
                0x08001efa                exti9_5_isr
                0x08001efa                dma2_channel3_isr
                0x08001efa                dma1_channel7_isr
                0x08001efa                tim1_up_isr
                0x08001efa                can2_sce_isr
                0x08001efa                tim4_isr
                0x08001efa                dma1_channel2_isr
                0x08001efa                i2c1_er_isr
                0x08001efa                can_sce_isr
                0x08001efa                tim8_cc_isr
                0x08001efa                tamper_isr
                0x08001efa                eth_wkup_isr
                0x08001efa                bus_fault_handler
                0x08001efa                wwdg_isr
                0x08001efa                dma1_channel3_isr
                0x08001efa                spi3_isr
                0x08001efa                tim2_isr
                0x08001efa                exti0_isr
 .text.null_handler
                0x08001efc        0x2 ../libopencm3/lib\libopencm3_stm32f1.a(vector.o)
                0x08001efc                sv_call_handler
                0x08001efc                pend_sv_handler
                0x08001efc                debug_monitor_handler
                0x08001efc                sys_tick_handler
                0x08001efc                nmi_handler
                0x08001efc                null_handler
 *fill*         0x08001efe        0x2 
 .text.reset_handler
                0x08001f00       0x90 ../libopencm3/lib\libopencm3_stm32f1.a(vector.o)
                0x08001f00                reset_handler
 .text.scb_reset_system
                0x08001f90       0x10 ../libopencm3/lib\libopencm3_stm32f1.a(scb.o)
                0x08001f90                scb_reset_system
 .text.st_usbfs_set_address
                0x08001fa0       0x10 ../libopencm3/lib\libopencm3_stm32f1.a(st_usbfs_core.o)
                0x08001fa0                st_usbfs_set_address
 .text.st_usbfs_set_ep_rx_bufsize
                0x08001fb0       0x50 ../libopencm3/lib\libopencm3_stm32f1.a(st_usbfs_core.o)
                0x08001fb0                st_usbfs_set_ep_rx_bufsize
 .text.st_usbfs_ep_setup
                0x08002000      0x150 ../libopencm3/lib\libopencm3_stm32f1.a(st_usbfs_core.o)
                0x08002000                st_usbfs_ep_setup
 .text.st_usbfs_endpoints_reset
                0x08002150       0x44 ../libopencm3/lib\libopencm3_stm32f1.a(st_usbfs_core.o)
                0x08002150                st_usbfs_endpoints_reset
 .text.st_usbfs_ep_stall_set
                0x08002194       0xec ../libopencm3/lib\libopencm3_stm32f1.a(st_usbfs_core.o)
                0x08002194                st_usbfs_ep_stall_set
 .text.st_usbfs_ep_stall_get
                0x08002280       0x38 ../libopencm3/lib\libopencm3_stm32f1.a(st_usbfs_core.o)
                0x08002280                st_usbfs_ep_stall_get
 .text.st_usbfs_ep_nak_set
                0x080022b8       0x60 ../libopencm3/lib\libopencm3_stm32f1.a(st_usbfs_core.o)
                0x080022b8                st_usbfs_ep_nak_set
 .text.st_usbfs_ep_write_packet
                0x08002318       0x98 ../libopencm3/lib\libopencm3_stm32f1.a(st_usbfs_core.o)
                0x08002318                st_usbfs_ep_write_packet
 .text.st_usbfs_ep_read_packet
                0x080023b0       0xc4 ../libopencm3/lib\libopencm3_stm32f1.a(st_usbfs_core.o)
                0x080023b0                st_usbfs_ep_read_packet
 .text.st_usbfs_poll
                0x08002474       0xfc ../libopencm3/lib\libopencm3_stm32f1.a(st_usbfs_core.o)
                0x08002474                st_usbfs_poll
 .text          0x08002570       0x60 c:/msys64/mingw64/bin/../lib/gcc/arm-none-eabi/12.2.0/../../../../arm-none-eabi/lib/thumb/v7-m/nofp\libc.a(libc_a-memcmp.o)
                0x08002570                memcmp
 .text          0x080025d0       0xfc c:/msys64/mingw64/bin/../lib/gcc/arm-none-eabi/12.2.0/../../../../arm-none-eabi/lib/thumb/v7-m/nofp\libc.a(libc_a-memmove.o)
                0x080025d0                memmove
 .text          0x080026cc       0xa0 c:/msys64/mingw64/bin/../lib/gcc/arm-none-eabi/12.2.0/../../../../arm-none-eabi/lib/thumb/v7-m/nofp\libc.a(libc_a-memset.o)
                0x080026cc                memset
 .text          0x0800276c       0x6c c:/msys64/mingw64/bin/../lib/gcc/arm-none-eabi/12.2.0/../../../../arm-none-eabi/lib/thumb/v7-m/nofp\libc.a(libc_a-strncpy.o)
                0x0800276c                strncpy
 .text          0x080027d8       0xec c:/msys64/mingw64/bin/../lib/gcc/arm-none-eabi/12.2.0/../../../../arm-none-eabi/lib/thumb/v7-m/nofp\libc.a(libc_a-memcpy.o)
                0x080027d8                memcpy
 .text          0x080028c4       0x5c c:/msys64/mingw64/bin/../lib/gcc/arm-none-eabi/12.2.0/../../../../arm-none-eabi/lib/thumb/v7-m/nofp\libc.a(libc_a-strlen-stub.o)
                0x080028c4                strlen
                0x08002920                        . = ALIGN (0x4)
 *(.rodata*)
 .rodata.main.str1.1
                0x08002920       0xc9 build/STM32F103/dapboot.o
                                 0x21 (size before relaxing)
 .rodata.logwritenum.str1.1
                0x080029e9        0x3 build/STM32F103/dmesg.o
 .rodata.logwriten.str1.1
                0x080029e9       0x16 build/STM32F103/dmesg.o
 .rodata.codal_vdmesg.str1.1
                0x080029e9        0x8 build/STM32F103/dmesg.o
 .rodata.flushFlash.str1.1
                0x080029e9       0x1e build/STM32F103/ghostfat.o
 .rodata.write_block.str1.1
                0x080029e9       0x23 build/STM32F103/ghostfat.o
 .rodata.BootBlock
                0x080029e9       0x3e build/STM32F103/ghostfat.o
 *fill*         0x08002a27        0x1 
 .rodata.info   0x08002a28       0x30 build/STM32F103/ghostfat.o
 .rodata.indexFile
                0x08002a58       0x80 build/STM32F103/ghostfat.o
                0x08002a58                indexFile
 .rodata.infoUf2File
                0x08002ad8       0x4d build/STM32F103/ghostfat.o
                0x08002ad8                infoUf2File
 .rodata.str1.1
                0x08002b25       0x2e build/STM32F103/usb_conf.o
 .rodata.bos    0x08002b25        0x9 build/STM32F103/usb_conf.o
 .rodata.config
                0x08002b2e        0xd build/STM32F103/usb_conf.o
 *fill*         0x08002b3b        0x1 
 .rodata.interfaces
                0x08002b3c       0x20 build/STM32F103/usb_conf.o
 .rodata.msc_iface
                0x08002b5c       0x15 build/STM32F103/usb_conf.o
 .rodata.msc_endp
                0x08002b71       0x1e build/STM32F103/usb_conf.o
 .rodata.dfu_iface
                0x08002b8f       0x15 build/STM32F103/usb_conf.o
 .rodata.dev    0x08002ba4       0x12 build/STM32F103/usb_conf.o
 .rodata        0x08002bb6       0x36 build/STM32F103/usb_msc.o
 .rodata.webusb_platform
                0x08002bec       0x18 build/STM32F103/webusb.o
                0x08002bec                webusb_platform
 .rodata.winusb_setup.str1.1
                0x08002c04        0x9 build/STM32F103/winusb.o
 .rodata.winusb_wcid
                0x08002c04       0x28 build/STM32F103/winusb.o
 .rodata.desig_get_unique_id_as_string.str1.1
                0x08002c2c       0x11 ../libopencm3/lib\libopencm3_stm32f1.a(desig.o)
 .rodata.st_usbfs_v1_usb_driver
                0x08002c2c       0x34 ../libopencm3/lib\libopencm3_stm32f1.a(st_usbfs_v1.o)
                0x08002c2c                st_usbfs_v1_usb_driver
                0x08002c60                        . = ALIGN (0x4)

.glue_7         0x08002c60        0x0
 .glue_7        0x08002c60        0x0 linker stubs

.glue_7t        0x08002c60        0x0
 .glue_7t       0x08002c60        0x0 linker stubs

.vfp11_veneer   0x08002c60        0x0
 .vfp11_veneer  0x08002c60        0x0 linker stubs

.v4_bx          0x08002c60        0x0
 .v4_bx         0x08002c60        0x0 linker stubs

.iplt           0x08002c60        0x0
 .iplt          0x08002c60        0x0 build/STM32F103/./stm32f103/backup.o

.preinit_array  0x08002c60        0x0
                0x08002c60                        . = ALIGN (0x4)
                0x08002c60                        __preinit_array_start = .
 *(.preinit_array)
                0x08002c60                        __preinit_array_end = .

.init_array     0x08002c60        0x0
                0x08002c60                        . = ALIGN (0x4)
                0x08002c60                        __init_array_start = .
 *(SORT_BY_NAME(.init_array.*))
 *(.init_array)
                0x08002c60                        __init_array_end = .

.fini_array     0x08002c60        0x0
                0x08002c60                        . = ALIGN (0x4)
                0x08002c60                        __fini_array_start = .
 *(.fini_array)
 *(SORT_BY_NAME(.fini_array.*))
                0x08002c60                        __fini_array_end = .

.ARM.extab
 *(.ARM.extab*)

.ARM.exidx      0x08002c60        0x8
                0x08002c60                        __exidx_start = .
 *(.ARM.exidx*)
 .ARM.exidx     0x08002c60        0x8 c:/msys64/mingw64/bin/../lib/gcc/arm-none-eabi/12.2.0/../../../../arm-none-eabi/lib/thumb/v7-m/nofp\libc.a(libc_a-memcpy.o)
                0x08002c68                        __exidx_end = .

.rel.dyn        0x08002c68        0x0
 .rel.iplt      0x08002c68        0x0 build/STM32F103/./stm32f103/backup.o
                0x08002c68                        . = ALIGN (0x4)
                0x08002c68                        _etext = .

.data           0x20000000       0x28 load address 0x08002c68
                0x20000000                        _data = .
 *(.data*)
 .data.firstFlush
                0x20000000        0x1 build/STM32F103/ghostfat.o
 *fill*         0x20000001        0x3 
 .data.flashAddr
                0x20000004        0x4 build/STM32F103/ghostfat.o
 .data.usb_strings
                0x20000008       0x10 build/STM32F103/usb_conf.o
 .data.capabilities
                0x20000018        0x4 build/STM32F103/usb_conf.o
 .data.rcc_ahb_frequency
                0x2000001c        0x4 ../libopencm3/lib\libopencm3_stm32f1.a(rcc.o)
                0x2000001c                rcc_ahb_frequency
 .data.rcc_apb2_frequency
                0x20000020        0x4 ../libopencm3/lib\libopencm3_stm32f1.a(rcc.o)
                0x20000020                rcc_apb2_frequency
 .data.rcc_apb1_frequency
                0x20000024        0x4 ../libopencm3/lib\libopencm3_stm32f1.a(rcc.o)
                0x20000024                rcc_apb1_frequency
                0x20000028                        . = ALIGN (0x4)
                0x20000028                        _edata = .
                0x08002c68                        _data_loadaddr = LOADADDR (.data)

.igot.plt       0x20000028        0x0 load address 0x08002c90
 .igot.plt      0x20000028        0x0 build/STM32F103/./stm32f103/backup.o

.bss            0x20000028     0x1018 load address 0x08002c90
 *(.bss*)
 .bss.erase_start.0
                0x20000028        0x4 build/STM32F103/./stm32f103/target_stm32f103.o
 .bss.erase_end.1
                0x2000002c        0x4 build/STM32F103/./stm32f103/target_stm32f103.o
 .bss.msTimer   0x20000030        0x4 build/STM32F103/dapboot.o
                0x20000030                msTimer
 .bss.codalLogStore
                0x20000034      0x404 build/STM32F103/dmesg.o
                0x20000034                codalLogStore
 .bss.wrState   0x20000438       0x58 build/STM32F103/ghostfat.o
                0x20000438                wrState
 .bss.lastFlush
                0x20000490        0x4 build/STM32F103/ghostfat.o
 .bss.resetTime
                0x20000494        0x4 build/STM32F103/ghostfat.o
 .bss.ms        0x20000498        0x4 build/STM32F103/ghostfat.o
 .bss.flashBuf  0x2000049c      0x400 build/STM32F103/ghostfat.o
 .bss.usbd_control_buffer
                0x2000089c      0x400 build/STM32F103/usb_conf.o
 .bss.serial_number
                0x20000c9c       0x19 build/STM32F103/usb_conf.o
 *fill*         0x20000cb5        0x3 
 .bss.msc_started
                0x20000cb8        0x4 build/STM32F103/usb_msc.o
                0x20000cb8                msc_started
 .bss._mass_storage
                0x20000cbc      0x274 build/STM32F103/usb_msc.o
 .bss.st_usbfs_dev
                0x20000f30      0x108 ../libopencm3/lib\libopencm3_stm32f1.a(st_usbfs_core.o)
                0x20000f30                st_usbfs_dev
 .bss.st_usbfs_force_nak
                0x20001038        0x8 ../libopencm3/lib\libopencm3_stm32f1.a(st_usbfs_core.o)
                0x20001038                st_usbfs_force_nak
 *(COMMON)
                0x20001040                        . = ALIGN (0x4)
                0x20001040                        _ebss = .

/DISCARD/
 *(.eh_frame)
                0x20001040                        . = ALIGN (0x4)
                0x20001040                        end = .
                0x20004ffc                        PROVIDE (_stack = (ORIGIN (ram) + LENGTH (ram)))
                0x20004ffc                        _board_dfu_dbl_tap = (ORIGIN (ram) + LENGTH (ram))
OUTPUT(build/STM32F103/uf2boot.elf elf32-littlearm)
LOAD linker stubs

.debug_info     0x00000000     0xd615
 .debug_info    0x00000000      0x12b build/STM32F103/./stm32f103/backup.o
 .debug_info    0x0000012b      0x992 build/STM32F103/./stm32f103/target_stm32f103.o
 .debug_info    0x00000abd      0x5cf build/STM32F103/dapboot.o
 .debug_info    0x0000108c      0x700 build/STM32F103/dmesg.o
 .debug_info    0x0000178c      0x11d build/STM32F103/dummy.o
 .debug_info    0x000018a9      0xccb build/STM32F103/ghostfat.o
 .debug_info    0x00002574      0x800 build/STM32F103/usb_conf.o
 .debug_info    0x00002d74     0x1ece build/STM32F103/usb_msc.o
 .debug_info    0x00004c42      0x139 build/STM32F103/webusb.o
 .debug_info    0x00004d7b      0x543 build/STM32F103/winusb.o
 .debug_info    0x000052be      0x1cf ../libopencm3/lib\libopencm3_stm32f1.a(desig.o)
 .debug_info    0x0000548d      0x308 ../libopencm3/lib\libopencm3_stm32f1.a(flash.o)
 .debug_info    0x00005795      0x1fd ../libopencm3/lib\libopencm3_stm32f1.a(gpio.o)
 .debug_info    0x00005992     0x107e ../libopencm3/lib\libopencm3_stm32f1.a(rcc.o)
 .debug_info    0x00006a10      0x256 ../libopencm3/lib\libopencm3_stm32f1.a(gpio_common_all.o)
 .debug_info    0x00006c66      0x52b ../libopencm3/lib\libopencm3_stm32f1.a(rcc_common_all.o)
 .debug_info    0x00007191      0x28b ../libopencm3/lib\libopencm3_stm32f1.a(flash_common_f01.o)
 .debug_info    0x0000741c      0xfe5 ../libopencm3/lib\libopencm3_stm32f1.a(usb.o)
 .debug_info    0x00008401     0x10c5 ../libopencm3/lib\libopencm3_stm32f1.a(usb_control.o)
 .debug_info    0x000094c6     0x1819 ../libopencm3/lib\libopencm3_stm32f1.a(usb_standard.o)
 .debug_info    0x0000acdf      0xe6c ../libopencm3/lib\libopencm3_stm32f1.a(st_usbfs_v1.o)
 .debug_info    0x0000bb4b      0x2ad ../libopencm3/lib\libopencm3_stm32f1.a(vector.o)
 .debug_info    0x0000bdf8       0xe2 ../libopencm3/lib\libopencm3_stm32f1.a(scb.o)
 .debug_info    0x0000beda     0x1159 ../libopencm3/lib\libopencm3_stm32f1.a(st_usbfs_core.o)
 .debug_info    0x0000d033      0x12b c:/msys64/mingw64/bin/../lib/gcc/arm-none-eabi/12.2.0/../../../../arm-none-eabi/lib/thumb/v7-m/nofp\libc.a(libc_a-memcmp.o)
 .debug_info    0x0000d15e      0x148 c:/msys64/mingw64/bin/../lib/gcc/arm-none-eabi/12.2.0/../../../../arm-none-eabi/lib/thumb/v7-m/nofp\libc.a(libc_a-memmove.o)
 .debug_info    0x0000d2a6      0x135 c:/msys64/mingw64/bin/../lib/gcc/arm-none-eabi/12.2.0/../../../../arm-none-eabi/lib/thumb/v7-m/nofp\libc.a(libc_a-memset.o)
 .debug_info    0x0000d3db      0x14a c:/msys64/mingw64/bin/../lib/gcc/arm-none-eabi/12.2.0/../../../../arm-none-eabi/lib/thumb/v7-m/nofp\libc.a(libc_a-strncpy.o)
 .debug_info    0x0000d525       0x33 c:/msys64/mingw64/bin/../lib/gcc/arm-none-eabi/12.2.0/../../../../arm-none-eabi/lib/thumb/v7-m/nofp\libc.a(libc_a-memcpy.o)
 .debug_info    0x0000d558       0xbd c:/msys64/mingw64/bin/../lib/gcc/arm-none-eabi/12.2.0/../../../../arm-none-eabi/lib/thumb/v7-m/nofp\libc.a(libc_a-strlen-stub.o)

.debug_abbrev   0x00000000     0x36e7
 .debug_abbrev  0x00000000       0xe4 build/STM32F103/./stm32f103/backup.o
 .debug_abbrev  0x000000e4      0x31c build/STM32F103/./stm32f103/target_stm32f103.o
 .debug_abbrev  0x00000400      0x24a build/STM32F103/dapboot.o
 .debug_abbrev  0x0000064a      0x305 build/STM32F103/dmesg.o
 .debug_abbrev  0x0000094f       0xdc build/STM32F103/dummy.o
 .debug_abbrev  0x00000a2b      0x430 build/STM32F103/ghostfat.o
 .debug_abbrev  0x00000e5b      0x1c2 build/STM32F103/usb_conf.o
 .debug_abbrev  0x0000101d      0x501 build/STM32F103/usb_msc.o
 .debug_abbrev  0x0000151e       0x93 build/STM32F103/webusb.o
 .debug_abbrev  0x000015b1      0x206 build/STM32F103/winusb.o
 .debug_abbrev  0x000017b7       0xf9 ../libopencm3/lib\libopencm3_stm32f1.a(desig.o)
 .debug_abbrev  0x000018b0      0x162 ../libopencm3/lib\libopencm3_stm32f1.a(flash.o)
 .debug_abbrev  0x00001a12       0xd3 ../libopencm3/lib\libopencm3_stm32f1.a(gpio.o)
 .debug_abbrev  0x00001ae5      0x298 ../libopencm3/lib\libopencm3_stm32f1.a(rcc.o)
 .debug_abbrev  0x00001d7d      0x115 ../libopencm3/lib\libopencm3_stm32f1.a(gpio_common_all.o)
 .debug_abbrev  0x00001e92      0x13a ../libopencm3/lib\libopencm3_stm32f1.a(rcc_common_all.o)
 .debug_abbrev  0x00001fcc       0xf3 ../libopencm3/lib\libopencm3_stm32f1.a(flash_common_f01.o)
 .debug_abbrev  0x000020bf      0x290 ../libopencm3/lib\libopencm3_stm32f1.a(usb.o)
 .debug_abbrev  0x0000234f      0x3d2 ../libopencm3/lib\libopencm3_stm32f1.a(usb_control.o)
 .debug_abbrev  0x00002721      0x4c6 ../libopencm3/lib\libopencm3_stm32f1.a(usb_standard.o)
 .debug_abbrev  0x00002be7      0x27c ../libopencm3/lib\libopencm3_stm32f1.a(st_usbfs_v1.o)
 .debug_abbrev  0x00002e63      0x14c ../libopencm3/lib\libopencm3_stm32f1.a(vector.o)
 .debug_abbrev  0x00002faf       0x88 ../libopencm3/lib\libopencm3_stm32f1.a(scb.o)
 .debug_abbrev  0x00003037      0x348 ../libopencm3/lib\libopencm3_stm32f1.a(st_usbfs_core.o)
 .debug_abbrev  0x0000337f       0x90 c:/msys64/mingw64/bin/../lib/gcc/arm-none-eabi/12.2.0/../../../../arm-none-eabi/lib/thumb/v7-m/nofp\libc.a(libc_a-memcmp.o)
 .debug_abbrev  0x0000340f       0xc3 c:/msys64/mingw64/bin/../lib/gcc/arm-none-eabi/12.2.0/../../../../arm-none-eabi/lib/thumb/v7-m/nofp\libc.a(libc_a-memmove.o)
 .debug_abbrev  0x000034d2       0xb7 c:/msys64/mingw64/bin/../lib/gcc/arm-none-eabi/12.2.0/../../../../arm-none-eabi/lib/thumb/v7-m/nofp\libc.a(libc_a-memset.o)
 .debug_abbrev  0x00003589       0xbe c:/msys64/mingw64/bin/../lib/gcc/arm-none-eabi/12.2.0/../../../../arm-none-eabi/lib/thumb/v7-m/nofp\libc.a(libc_a-strncpy.o)
 .debug_abbrev  0x00003647       0x28 c:/msys64/mingw64/bin/../lib/gcc/arm-none-eabi/12.2.0/../../../../arm-none-eabi/lib/thumb/v7-m/nofp\libc.a(libc_a-memcpy.o)
 .debug_abbrev  0x0000366f       0x78 c:/msys64/mingw64/bin/../lib/gcc/arm-none-eabi/12.2.0/../../../../arm-none-eabi/lib/thumb/v7-m/nofp\libc.a(libc_a-strlen-stub.o)

.debug_loclists
                0x00000000     0x3e51
 .debug_loclists
                0x00000000       0x23 build/STM32F103/./stm32f103/backup.o
 .debug_loclists
                0x00000023      0x12f build/STM32F103/./stm32f103/target_stm32f103.o
 .debug_loclists
                0x00000152       0xdd build/STM32F103/dapboot.o
 .debug_loclists
                0x0000022f      0x3e0 build/STM32F103/dmesg.o
 .debug_loclists
                0x0000060f      0x4ad build/STM32F103/ghostfat.o
 .debug_loclists
                0x00000abc       0x40 build/STM32F103/usb_conf.o
 .debug_loclists
                0x00000afc      0x9f0 build/STM32F103/usb_msc.o
 .debug_loclists
                0x000014ec      0x11c build/STM32F103/winusb.o
 .debug_loclists
                0x00001608       0xa1 ../libopencm3/lib\libopencm3_stm32f1.a(desig.o)
 .debug_loclists
                0x000016a9       0x67 ../libopencm3/lib\libopencm3_stm32f1.a(flash.o)
 .debug_loclists
                0x00001710       0xfd ../libopencm3/lib\libopencm3_stm32f1.a(gpio.o)
 .debug_loclists
                0x0000180d      0x157 ../libopencm3/lib\libopencm3_stm32f1.a(rcc.o)
 .debug_loclists
                0x00001964       0x7e ../libopencm3/lib\libopencm3_stm32f1.a(gpio_common_all.o)
 .debug_loclists
                0x000019e2       0x51 ../libopencm3/lib\libopencm3_stm32f1.a(rcc_common_all.o)
 .debug_loclists
                0x00001a33       0x86 ../libopencm3/lib\libopencm3_stm32f1.a(flash_common_f01.o)
 .debug_loclists
                0x00001ab9      0x358 ../libopencm3/lib\libopencm3_stm32f1.a(usb.o)
 .debug_loclists
                0x00001e11      0x47e ../libopencm3/lib\libopencm3_stm32f1.a(usb_control.o)
 .debug_loclists
                0x0000228f      0xd5a ../libopencm3/lib\libopencm3_stm32f1.a(usb_standard.o)
 .debug_loclists
                0x00002fe9      0x132 ../libopencm3/lib\libopencm3_stm32f1.a(st_usbfs_v1.o)
 .debug_loclists
                0x0000311b       0xb6 ../libopencm3/lib\libopencm3_stm32f1.a(vector.o)
 .debug_loclists
                0x000031d1       0x23 ../libopencm3/lib\libopencm3_stm32f1.a(scb.o)
 .debug_loclists
                0x000031f4      0x630 ../libopencm3/lib\libopencm3_stm32f1.a(st_usbfs_core.o)
 .debug_loclists
                0x00003824      0x163 c:/msys64/mingw64/bin/../lib/gcc/arm-none-eabi/12.2.0/../../../../arm-none-eabi/lib/thumb/v7-m/nofp\libc.a(libc_a-memcmp.o)
 .debug_loclists
                0x00003987      0x1f1 c:/msys64/mingw64/bin/../lib/gcc/arm-none-eabi/12.2.0/../../../../arm-none-eabi/lib/thumb/v7-m/nofp\libc.a(libc_a-memmove.o)
 .debug_loclists
                0x00003b78      0x1cb c:/msys64/mingw64/bin/../lib/gcc/arm-none-eabi/12.2.0/../../../../arm-none-eabi/lib/thumb/v7-m/nofp\libc.a(libc_a-memset.o)
 .debug_loclists
                0x00003d43       0xeb c:/msys64/mingw64/bin/../lib/gcc/arm-none-eabi/12.2.0/../../../../arm-none-eabi/lib/thumb/v7-m/nofp\libc.a(libc_a-strncpy.o)
 .debug_loclists
                0x00003e2e       0x23 c:/msys64/mingw64/bin/../lib/gcc/arm-none-eabi/12.2.0/../../../../arm-none-eabi/lib/thumb/v7-m/nofp\libc.a(libc_a-strlen-stub.o)

.debug_aranges  0x00000000      0x908
 .debug_aranges
                0x00000000       0x28 build/STM32F103/./stm32f103/backup.o
 .debug_aranges
                0x00000028       0x80 build/STM32F103/./stm32f103/target_stm32f103.o
 .debug_aranges
                0x000000a8       0x30 build/STM32F103/dapboot.o
 .debug_aranges
                0x000000d8       0x40 build/STM32F103/dmesg.o
 .debug_aranges
                0x00000118       0x38 build/STM32F103/dummy.o
 .debug_aranges
                0x00000150       0x38 build/STM32F103/ghostfat.o
 .debug_aranges
                0x00000188       0x28 build/STM32F103/usb_conf.o
 .debug_aranges
                0x000001b0       0x48 build/STM32F103/usb_msc.o
 .debug_aranges
                0x000001f8       0x18 build/STM32F103/webusb.o
 .debug_aranges
                0x00000210       0x30 build/STM32F103/winusb.o
 .debug_aranges
                0x00000240       0x30 ../libopencm3/lib\libopencm3_stm32f1.a(desig.o)
 .debug_aranges
                0x00000270       0x80 ../libopencm3/lib\libopencm3_stm32f1.a(flash.o)
 .debug_aranges
                0x000002f0       0x38 ../libopencm3/lib\libopencm3_stm32f1.a(gpio.o)
 .debug_aranges
                0x00000328      0x158 ../libopencm3/lib\libopencm3_stm32f1.a(rcc.o)
 .debug_aranges
                0x00000480       0x50 ../libopencm3/lib\libopencm3_stm32f1.a(gpio_common_all.o)
 .debug_aranges
                0x000004d0       0x68 ../libopencm3/lib\libopencm3_stm32f1.a(rcc_common_all.o)
 .debug_aranges
                0x00000538       0x88 ../libopencm3/lib\libopencm3_stm32f1.a(flash_common_f01.o)
 .debug_aranges
                0x000005c0       0x90 ../libopencm3/lib\libopencm3_stm32f1.a(usb.o)
 .debug_aranges
                0x00000650       0x60 ../libopencm3/lib\libopencm3_stm32f1.a(usb_control.o)
 .debug_aranges
                0x000006b0       0xa0 ../libopencm3/lib\libopencm3_stm32f1.a(usb_standard.o)
 .debug_aranges
                0x00000750       0x30 ../libopencm3/lib\libopencm3_stm32f1.a(st_usbfs_v1.o)
 .debug_aranges
                0x00000780       0x30 ../libopencm3/lib\libopencm3_stm32f1.a(vector.o)
 .debug_aranges
                0x000007b0       0x30 ../libopencm3/lib\libopencm3_stm32f1.a(scb.o)
 .debug_aranges
                0x000007e0       0x68 ../libopencm3/lib\libopencm3_stm32f1.a(st_usbfs_core.o)
 .debug_aranges
                0x00000848       0x20 c:/msys64/mingw64/bin/../lib/gcc/arm-none-eabi/12.2.0/../../../../arm-none-eabi/lib/thumb/v7-m/nofp\libc.a(libc_a-memcmp.o)
 .debug_aranges
                0x00000868       0x20 c:/msys64/mingw64/bin/../lib/gcc/arm-none-eabi/12.2.0/../../../../arm-none-eabi/lib/thumb/v7-m/nofp\libc.a(libc_a-memmove.o)
 .debug_aranges
                0x00000888       0x20 c:/msys64/mingw64/bin/../lib/gcc/arm-none-eabi/12.2.0/../../../../arm-none-eabi/lib/thumb/v7-m/nofp\libc.a(libc_a-memset.o)
 .debug_aranges
                0x000008a8       0x20 c:/msys64/mingw64/bin/../lib/gcc/arm-none-eabi/12.2.0/../../../../arm-none-eabi/lib/thumb/v7-m/nofp\libc.a(libc_a-strncpy.o)
 .debug_aranges
                0x000008c8       0x20 c:/msys64/mingw64/bin/../lib/gcc/arm-none-eabi/12.2.0/../../../../arm-none-eabi/lib/thumb/v7-m/nofp\libc.a(libc_a-memcpy.o)
 .debug_aranges
                0x000008e8       0x20 c:/msys64/mingw64/bin/../lib/gcc/arm-none-eabi/12.2.0/../../../../arm-none-eabi/lib/thumb/v7-m/nofp\libc.a(libc_a-strlen-stub.o)

.debug_rnglists
                0x00000000      0x838
 .debug_rnglists
                0x00000000       0x19 build/STM32F103/./stm32f103/backup.o
 .debug_rnglists
                0x00000019       0x5b build/STM32F103/./stm32f103/target_stm32f103.o
 .debug_rnglists
                0x00000074       0x3b build/STM32F103/dapboot.o
 .debug_rnglists
                0x000000af       0x61 build/STM32F103/dmesg.o
 .debug_rnglists
                0x00000110       0x25 build/STM32F103/dummy.o
 .debug_rnglists
                0x00000135       0x9d build/STM32F103/ghostfat.o
 .debug_rnglists
                0x000001d2       0x19 build/STM32F103/usb_conf.o
 .debug_rnglists
                0x000001eb       0xb2 build/STM32F103/usb_msc.o
 .debug_rnglists
                0x0000029d       0x2b build/STM32F103/winusb.o
 .debug_rnglists
                0x000002c8       0x1f ../libopencm3/lib\libopencm3_stm32f1.a(desig.o)
 .debug_rnglists
                0x000002e7       0x5d ../libopencm3/lib\libopencm3_stm32f1.a(flash.o)
 .debug_rnglists
                0x00000344       0x25 ../libopencm3/lib\libopencm3_stm32f1.a(gpio.o)
 .debug_rnglists
                0x00000369      0x132 ../libopencm3/lib\libopencm3_stm32f1.a(rcc.o)
 .debug_rnglists
                0x0000049b       0x37 ../libopencm3/lib\libopencm3_stm32f1.a(gpio_common_all.o)
 .debug_rnglists
                0x000004d2       0x49 ../libopencm3/lib\libopencm3_stm32f1.a(rcc_common_all.o)
 .debug_rnglists
                0x0000051b       0x61 ../libopencm3/lib\libopencm3_stm32f1.a(flash_common_f01.o)
 .debug_rnglists
                0x0000057c       0x67 ../libopencm3/lib\libopencm3_stm32f1.a(usb.o)
 .debug_rnglists
                0x000005e3       0x5f ../libopencm3/lib\libopencm3_stm32f1.a(usb_control.o)
 .debug_rnglists
                0x00000642       0xcc ../libopencm3/lib\libopencm3_stm32f1.a(usb_standard.o)
 .debug_rnglists
                0x0000070e       0x1f ../libopencm3/lib\libopencm3_stm32f1.a(st_usbfs_v1.o)
 .debug_rnglists
                0x0000072d       0x20 ../libopencm3/lib\libopencm3_stm32f1.a(vector.o)
 .debug_rnglists
                0x0000074d       0x1f ../libopencm3/lib\libopencm3_stm32f1.a(scb.o)
 .debug_rnglists
                0x0000076c       0xb9 ../libopencm3/lib\libopencm3_stm32f1.a(st_usbfs_core.o)
 .debug_rnglists
                0x00000825       0x13 c:/msys64/mingw64/bin/../lib/gcc/arm-none-eabi/12.2.0/../../../../arm-none-eabi/lib/thumb/v7-m/nofp\libc.a(libc_a-strlen-stub.o)

.debug_line     0x00000000     0x7b26
 .debug_line    0x00000000       0xf2 build/STM32F103/./stm32f103/backup.o
 .debug_line    0x000000f2      0x4b6 build/STM32F103/./stm32f103/target_stm32f103.o
 .debug_line    0x000005a8      0x2ec build/STM32F103/dapboot.o
 .debug_line    0x00000894      0x483 build/STM32F103/dmesg.o
 .debug_line    0x00000d17      0x102 build/STM32F103/dummy.o
 .debug_line    0x00000e19      0x5e4 build/STM32F103/ghostfat.o
 .debug_line    0x000013fd      0x1e9 build/STM32F103/usb_conf.o
 .debug_line    0x000015e6      0x9b5 build/STM32F103/usb_msc.o
 .debug_line    0x00001f9b       0xc3 build/STM32F103/webusb.o
 .debug_line    0x0000205e      0x197 build/STM32F103/winusb.o
 .debug_line    0x000021f5      0x304 ../libopencm3/lib\libopencm3_stm32f1.a(desig.o)
 .debug_line    0x000024f9      0x56d ../libopencm3/lib\libopencm3_stm32f1.a(flash.o)
 .debug_line    0x00002a66      0x37d ../libopencm3/lib\libopencm3_stm32f1.a(gpio.o)
 .debug_line    0x00002de3      0xc4a ../libopencm3/lib\libopencm3_stm32f1.a(rcc.o)
 .debug_line    0x00003a2d      0x369 ../libopencm3/lib\libopencm3_stm32f1.a(gpio_common_all.o)
 .debug_line    0x00003d96      0x378 ../libopencm3/lib\libopencm3_stm32f1.a(rcc_common_all.o)
 .debug_line    0x0000410e      0x47d ../libopencm3/lib\libopencm3_stm32f1.a(flash_common_f01.o)
 .debug_line    0x0000458b      0x50a ../libopencm3/lib\libopencm3_stm32f1.a(usb.o)
 .debug_line    0x00004a95      0x6c7 ../libopencm3/lib\libopencm3_stm32f1.a(usb_control.o)
 .debug_line    0x0000515c      0xd14 ../libopencm3/lib\libopencm3_stm32f1.a(usb_standard.o)
 .debug_line    0x00005e70      0x3ef ../libopencm3/lib\libopencm3_stm32f1.a(st_usbfs_v1.o)
 .debug_line    0x0000625f      0x3b1 ../libopencm3/lib\libopencm3_stm32f1.a(vector.o)
 .debug_line    0x00006610      0x2ac ../libopencm3/lib\libopencm3_stm32f1.a(scb.o)
 .debug_line    0x000068bc      0x9a0 ../libopencm3/lib\libopencm3_stm32f1.a(st_usbfs_core.o)
 .debug_line    0x0000725c      0x17d c:/msys64/mingw64/bin/../lib/gcc/arm-none-eabi/12.2.0/../../../../arm-none-eabi/lib/thumb/v7-m/nofp\libc.a(libc_a-memcmp.o)
 .debug_line    0x000073d9      0x221 c:/msys64/mingw64/bin/../lib/gcc/arm-none-eabi/12.2.0/../../../../arm-none-eabi/lib/thumb/v7-m/nofp\libc.a(libc_a-memmove.o)
 .debug_line    0x000075fa      0x1cd c:/msys64/mingw64/bin/../lib/gcc/arm-none-eabi/12.2.0/../../../../arm-none-eabi/lib/thumb/v7-m/nofp\libc.a(libc_a-memset.o)
 .debug_line    0x000077c7      0x19a c:/msys64/mingw64/bin/../lib/gcc/arm-none-eabi/12.2.0/../../../../arm-none-eabi/lib/thumb/v7-m/nofp\libc.a(libc_a-strncpy.o)
 .debug_line    0x00007961       0xbd c:/msys64/mingw64/bin/../lib/gcc/arm-none-eabi/12.2.0/../../../../arm-none-eabi/lib/thumb/v7-m/nofp\libc.a(libc_a-memcpy.o)
 .debug_line    0x00007a1e      0x108 c:/msys64/mingw64/bin/../lib/gcc/arm-none-eabi/12.2.0/../../../../arm-none-eabi/lib/thumb/v7-m/nofp\libc.a(libc_a-strlen-stub.o)

.debug_str      0x00000000    0x1516d
 .debug_str     0x00000000    0x1516d build/STM32F103/./stm32f103/backup.o
                                0x1da (size before relaxing)
 .debug_str     0x0001516d      0x8e2 build/STM32F103/./stm32f103/target_stm32f103.o
 .debug_str     0x0001516d      0x44e build/STM32F103/dapboot.o
 .debug_str     0x0001516d      0x2c8 build/STM32F103/dmesg.o
 .debug_str     0x0001516d      0x1df build/STM32F103/dummy.o
 .debug_str     0x0001516d      0x5ee build/STM32F103/ghostfat.o
 .debug_str     0x0001516d      0x644 build/STM32F103/usb_conf.o
 .debug_str     0x0001516d     0x108a build/STM32F103/usb_msc.o
 .debug_str     0x0001516d      0x226 build/STM32F103/webusb.o
 .debug_str     0x0001516d      0x40f build/STM32F103/winusb.o
 .debug_str     0x0001516d     0x4e54 ../libopencm3/lib\libopencm3_stm32f1.a(desig.o)
 .debug_str     0x0001516d     0x56dc ../libopencm3/lib\libopencm3_stm32f1.a(flash.o)
 .debug_str     0x0001516d     0x85a8 ../libopencm3/lib\libopencm3_stm32f1.a(gpio.o)
 .debug_str     0x0001516d     0x7de8 ../libopencm3/lib\libopencm3_stm32f1.a(rcc.o)
 .debug_str     0x0001516d     0x859c ../libopencm3/lib\libopencm3_stm32f1.a(gpio_common_all.o)
 .debug_str     0x0001516d     0x76ae ../libopencm3/lib\libopencm3_stm32f1.a(rcc_common_all.o)
 .debug_str     0x0001516d     0x564f ../libopencm3/lib\libopencm3_stm32f1.a(flash_common_f01.o)
 .debug_str     0x0001516d     0x81b9 ../libopencm3/lib\libopencm3_stm32f1.a(usb.o)
 .debug_str     0x0001516d     0x820d ../libopencm3/lib\libopencm3_stm32f1.a(usb_control.o)
 .debug_str     0x0001516d     0x833d ../libopencm3/lib\libopencm3_stm32f1.a(usb_standard.o)
 .debug_str     0x0001516d     0x9b0e ../libopencm3/lib\libopencm3_stm32f1.a(st_usbfs_v1.o)
 .debug_str     0x0001516d     0x66f1 ../libopencm3/lib\libopencm3_stm32f1.a(vector.o)
 .debug_str     0x0001516d     0x835f ../libopencm3/lib\libopencm3_stm32f1.a(scb.o)
 .debug_str     0x0001516d     0x9965 ../libopencm3/lib\libopencm3_stm32f1.a(st_usbfs_core.o)
 .debug_str     0x0001516d      0x17a c:/msys64/mingw64/bin/../lib/gcc/arm-none-eabi/12.2.0/../../../../arm-none-eabi/lib/thumb/v7-m/nofp\libc.a(libc_a-memcmp.o)
 .debug_str     0x0001516d      0x1ad c:/msys64/mingw64/bin/../lib/gcc/arm-none-eabi/12.2.0/../../../../arm-none-eabi/lib/thumb/v7-m/nofp\libc.a(libc_a-memmove.o)
 .debug_str     0x0001516d      0x18e c:/msys64/mingw64/bin/../lib/gcc/arm-none-eabi/12.2.0/../../../../arm-none-eabi/lib/thumb/v7-m/nofp\libc.a(libc_a-memset.o)
 .debug_str     0x0001516d      0x1a4 c:/msys64/mingw64/bin/../lib/gcc/arm-none-eabi/12.2.0/../../../../arm-none-eabi/lib/thumb/v7-m/nofp\libc.a(libc_a-strncpy.o)
 .debug_str     0x0001516d       0x9a c:/msys64/mingw64/bin/../lib/gcc/arm-none-eabi/12.2.0/../../../../arm-none-eabi/lib/thumb/v7-m/nofp\libc.a(libc_a-memcpy.o)
 .debug_str     0x0001516d      0x184 c:/msys64/mingw64/bin/../lib/gcc/arm-none-eabi/12.2.0/../../../../arm-none-eabi/lib/thumb/v7-m/nofp\libc.a(libc_a-strlen-stub.o)

.comment        0x00000000       0x12
 .comment       0x00000000       0x12 build/STM32F103/./stm32f103/backup.o
                                 0x13 (size before relaxing)
 .comment       0x00000012       0x13 build/STM32F103/./stm32f103/target_stm32f103.o
 .comment       0x00000012       0x13 build/STM32F103/dapboot.o
 .comment       0x00000012       0x13 build/STM32F103/dmesg.o
 .comment       0x00000012       0x13 build/STM32F103/dummy.o
 .comment       0x00000012       0x13 build/STM32F103/ghostfat.o
 .comment       0x00000012       0x13 build/STM32F103/usb_conf.o
 .comment       0x00000012       0x13 build/STM32F103/usb_msc.o
 .comment       0x00000012       0x13 build/STM32F103/webusb.o
 .comment       0x00000012       0x13 build/STM32F103/winusb.o
 .comment       0x00000012       0x13 ../libopencm3/lib\libopencm3_stm32f1.a(desig.o)
 .comment       0x00000012       0x13 ../libopencm3/lib\libopencm3_stm32f1.a(flash.o)
 .comment       0x00000012       0x13 ../libopencm3/lib\libopencm3_stm32f1.a(gpio.o)
 .comment       0x00000012       0x13 ../libopencm3/lib\libopencm3_stm32f1.a(rcc.o)
 .comment       0x00000012       0x13 ../libopencm3/lib\libopencm3_stm32f1.a(gpio_common_all.o)
 .comment       0x00000012       0x13 ../libopencm3/lib\libopencm3_stm32f1.a(rcc_common_all.o)
 .comment       0x00000012       0x13 ../libopencm3/lib\libopencm3_stm32f1.a(flash_common_f01.o)
 .comment       0x00000012       0x13 ../libopencm3/lib\libopencm3_stm32f1.a(usb.o)
 .comment       0x00000012       0x13 ../libopencm3/lib\libopencm3_stm32f1.a(usb_control.o)
 .comment       0x00000012       0x13 ../libopencm3/lib\libopencm3_stm32f1.a(usb_standard.o)
 .comment       0x00000012       0x13 ../libopencm3/lib\libopencm3_stm32f1.a(st_usbfs_v1.o)
 .comment       0x00000012       0x13 ../libopencm3/lib\libopencm3_stm32f1.a(vector.o)
 .comment       0x00000012       0x13 ../libopencm3/lib\libopencm3_stm32f1.a(scb.o)
 .comment       0x00000012       0x13 ../libopencm3/lib\libopencm3_stm32f1.a(st_usbfs_core.o)
 .comment       0x00000012       0x13 c:/msys64/mingw64/bin/../lib/gcc/arm-none-eabi/12.2.0/../../../../arm-none-eabi/lib/thumb/v7-m/nofp\libc.a(libc_a-memcmp.o)
 .comment       0x00000012       0x13 c:/msys64/mingw64/bin/../lib/gcc/arm-none-eabi/12.2.0/../../../../arm-none-eabi/lib/thumb/v7-m/nofp\libc.a(libc_a-memmove.o)
 .comment       0x00000012       0x13 c:/msys64/mingw64/bin/../lib/gcc/arm-none-eabi/12.2.0/../../../../arm-none-eabi/lib/thumb/v7-m/nofp\libc.a(libc_a-memset.o)
 .comment       0x00000012       0x13 c:/msys64/mingw64/bin/../lib/gcc/arm-none-eabi/12.2.0/../../../../arm-none-eabi/lib/thumb/v7-m/nofp\libc.a(libc_a-strncpy.o)
 .comment       0x00000012       0x13 c:/msys64/mingw64/bin/../lib/gcc/arm-none-eabi/12.2.0/../../../../arm-none-eabi/lib/thumb/v7-m/nofp\libc.a(libc_a-strlen-stub.o)

.ARM.attributes
                0x00000000       0x2b
 .ARM.attributes
                0x00000000       0x2d build/STM32F103/./stm32f103/backup.o
 .ARM.attributes
                0x0000002d       0x2d build/STM32F103/./stm32f103/target_stm32f103.o
 .ARM.attributes
                0x0000005a       0x2d build/STM32F103/dapboot.o
 .ARM.attributes
                0x00000087       0x2d build/STM32F103/dmesg.o
 .ARM.attributes
                0x000000b4       0x2d build/STM32F103/dummy.o
 .ARM.attributes
                0x000000e1       0x2d build/STM32F103/ghostfat.o
 .ARM.attributes
                0x0000010e       0x2d build/STM32F103/usb_conf.o
 .ARM.attributes
                0x0000013b       0x2d build/STM32F103/usb_msc.o
 .ARM.attributes
                0x00000168       0x2d build/STM32F103/webusb.o
 .ARM.attributes
                0x00000195       0x2d build/STM32F103/winusb.o
 .ARM.attributes
                0x000001c2       0x2d ../libopencm3/lib\libopencm3_stm32f1.a(desig.o)
 .ARM.attributes
                0x000001ef       0x2d ../libopencm3/lib\libopencm3_stm32f1.a(flash.o)
 .ARM.attributes
                0x0000021c       0x2d ../libopencm3/lib\libopencm3_stm32f1.a(gpio.o)
 .ARM.attributes
                0x00000249       0x2d ../libopencm3/lib\libopencm3_stm32f1.a(rcc.o)
 .ARM.attributes
                0x00000276       0x2d ../libopencm3/lib\libopencm3_stm32f1.a(gpio_common_all.o)
 .ARM.attributes
                0x000002a3       0x2d ../libopencm3/lib\libopencm3_stm32f1.a(rcc_common_all.o)
 .ARM.attributes
                0x000002d0       0x2d ../libopencm3/lib\libopencm3_stm32f1.a(flash_common_f01.o)
 .ARM.attributes
                0x000002fd       0x2d ../libopencm3/lib\libopencm3_stm32f1.a(usb.o)
 .ARM.attributes
                0x0000032a       0x2d ../libopencm3/lib\libopencm3_stm32f1.a(usb_control.o)
 .ARM.attributes
                0x00000357       0x2d ../libopencm3/lib\libopencm3_stm32f1.a(usb_standard.o)
 .ARM.attributes
                0x00000384       0x2d ../libopencm3/lib\libopencm3_stm32f1.a(st_usbfs_v1.o)
 .ARM.attributes
                0x000003b1       0x2d ../libopencm3/lib\libopencm3_stm32f1.a(vector.o)
 .ARM.attributes
                0x000003de       0x2d ../libopencm3/lib\libopencm3_stm32f1.a(scb.o)
 .ARM.attributes
                0x0000040b       0x2d ../libopencm3/lib\libopencm3_stm32f1.a(st_usbfs_core.o)
 .ARM.attributes
                0x00000438       0x2d c:/msys64/mingw64/bin/../lib/gcc/arm-none-eabi/12.2.0/../../../../arm-none-eabi/lib/thumb/v7-m/nofp\libc.a(libc_a-memcmp.o)
 .ARM.attributes
                0x00000465       0x2d c:/msys64/mingw64/bin/../lib/gcc/arm-none-eabi/12.2.0/../../../../arm-none-eabi/lib/thumb/v7-m/nofp\libc.a(libc_a-memmove.o)
 .ARM.attributes
                0x00000492       0x2d c:/msys64/mingw64/bin/../lib/gcc/arm-none-eabi/12.2.0/../../../../arm-none-eabi/lib/thumb/v7-m/nofp\libc.a(libc_a-memset.o)
 .ARM.attributes
                0x000004bf       0x2d c:/msys64/mingw64/bin/../lib/gcc/arm-none-eabi/12.2.0/../../../../arm-none-eabi/lib/thumb/v7-m/nofp\libc.a(libc_a-strncpy.o)
 .ARM.attributes
                0x000004ec       0x1b c:/msys64/mingw64/bin/../lib/gcc/arm-none-eabi/12.2.0/../../../../arm-none-eabi/lib/thumb/v7-m/nofp\libc.a(libc_a-memcpy.o)
 .ARM.attributes
                0x00000507       0x2d c:/msys64/mingw64/bin/../lib/gcc/arm-none-eabi/12.2.0/../../../../arm-none-eabi/lib/thumb/v7-m/nofp\libc.a(libc_a-strlen-stub.o)

.debug_frame    0x00000000     0x12f8
 .debug_frame   0x00000000       0x30 build/STM32F103/./stm32f103/backup.o
 .debug_frame   0x00000030      0x120 build/STM32F103/./stm32f103/target_stm32f103.o
 .debug_frame   0x00000150       0x60 build/STM32F103/dapboot.o
 .debug_frame   0x000001b0       0xd8 build/STM32F103/dmesg.o
 .debug_frame   0x00000288       0x58 build/STM32F103/dummy.o
 .debug_frame   0x000002e0       0x90 build/STM32F103/ghostfat.o
 .debug_frame   0x00000370       0x40 build/STM32F103/usb_conf.o
 .debug_frame   0x000003b0       0xb4 build/STM32F103/usb_msc.o
 .debug_frame   0x00000464       0x4c build/STM32F103/winusb.o
 .debug_frame   0x000004b0       0x58 ../libopencm3/lib\libopencm3_stm32f1.a(desig.o)
 .debug_frame   0x00000508      0x110 ../libopencm3/lib\libopencm3_stm32f1.a(flash.o)
 .debug_frame   0x00000618       0x64 ../libopencm3/lib\libopencm3_stm32f1.a(gpio.o)
 .debug_frame   0x0000067c      0x2d8 ../libopencm3/lib\libopencm3_stm32f1.a(rcc.o)
 .debug_frame   0x00000954       0x80 ../libopencm3/lib\libopencm3_stm32f1.a(gpio_common_all.o)
 .debug_frame   0x000009d4       0xb0 ../libopencm3/lib\libopencm3_stm32f1.a(rcc_common_all.o)
 .debug_frame   0x00000a84      0x120 ../libopencm3/lib\libopencm3_stm32f1.a(flash_common_f01.o)
 .debug_frame   0x00000ba4      0x14c ../libopencm3/lib\libopencm3_stm32f1.a(usb.o)
 .debug_frame   0x00000cf0      0x154 ../libopencm3/lib\libopencm3_stm32f1.a(usb_control.o)
 .debug_frame   0x00000e44      0x1e8 ../libopencm3/lib\libopencm3_stm32f1.a(usb_standard.o)
 .debug_frame   0x0000102c       0x54 ../libopencm3/lib\libopencm3_stm32f1.a(st_usbfs_v1.o)
 .debug_frame   0x00001080       0x40 ../libopencm3/lib\libopencm3_stm32f1.a(vector.o)
 .debug_frame   0x000010c0       0x40 ../libopencm3/lib\libopencm3_stm32f1.a(scb.o)
 .debug_frame   0x00001100      0x118 ../libopencm3/lib\libopencm3_stm32f1.a(st_usbfs_core.o)
 .debug_frame   0x00001218       0x2c c:/msys64/mingw64/bin/../lib/gcc/arm-none-eabi/12.2.0/../../../../arm-none-eabi/lib/thumb/v7-m/nofp\libc.a(libc_a-memcmp.o)
 .debug_frame   0x00001244       0x40 c:/msys64/mingw64/bin/../lib/gcc/arm-none-eabi/12.2.0/../../../../arm-none-eabi/lib/thumb/v7-m/nofp\libc.a(libc_a-memmove.o)
 .debug_frame   0x00001284       0x2c c:/msys64/mingw64/bin/../lib/gcc/arm-none-eabi/12.2.0/../../../../arm-none-eabi/lib/thumb/v7-m/nofp\libc.a(libc_a-memset.o)
 .debug_frame   0x000012b0       0x28 c:/msys64/mingw64/bin/../lib/gcc/arm-none-eabi/12.2.0/../../../../arm-none-eabi/lib/thumb/v7-m/nofp\libc.a(libc_a-strncpy.o)
 .debug_frame   0x000012d8       0x20 c:/msys64/mingw64/bin/../lib/gcc/arm-none-eabi/12.2.0/../../../../arm-none-eabi/lib/thumb/v7-m/nofp\libc.a(libc_a-strlen-stub.o)

.debug_macro    0x00000000     0x50bf
 .debug_macro   0x00000000       0xad ../libopencm3/lib\libopencm3_stm32f1.a(desig.o)
 .debug_macro   0x000000ad      0xaa2 ../libopencm3/lib\libopencm3_stm32f1.a(desig.o)
 .debug_macro   0x00000b4f       0x22 ../libopencm3/lib\libopencm3_stm32f1.a(desig.o)
 .debug_macro   0x00000b71       0x8e ../libopencm3/lib\libopencm3_stm32f1.a(desig.o)
 .debug_macro   0x00000bff       0x51 ../libopencm3/lib\libopencm3_stm32f1.a(desig.o)
 .debug_macro   0x00000c50      0x103 ../libopencm3/lib\libopencm3_stm32f1.a(desig.o)
 .debug_macro   0x00000d53       0x6a ../libopencm3/lib\libopencm3_stm32f1.a(desig.o)
 .debug_macro   0x00000dbd      0x1df ../libopencm3/lib\libopencm3_stm32f1.a(desig.o)
 .debug_macro   0x00000f9c       0x22 ../libopencm3/lib\libopencm3_stm32f1.a(desig.o)
 .debug_macro   0x00000fbe       0xfa ../libopencm3/lib\libopencm3_stm32f1.a(desig.o)
 .debug_macro   0x000010b8       0x58 ../libopencm3/lib\libopencm3_stm32f1.a(desig.o)
 .debug_macro   0x00001110      0x1b4 ../libopencm3/lib\libopencm3_stm32f1.a(desig.o)
 .debug_macro   0x000012c4       0xc9 ../libopencm3/lib\libopencm3_stm32f1.a(flash.o)
 .debug_macro   0x0000138d       0xdc ../libopencm3/lib\libopencm3_stm32f1.a(flash.o)
 .debug_macro   0x00001469       0x82 ../libopencm3/lib\libopencm3_stm32f1.a(flash.o)
 .debug_macro   0x000014eb       0xb9 ../libopencm3/lib\libopencm3_stm32f1.a(gpio.o)
 .debug_macro   0x000015a4       0x76 ../libopencm3/lib\libopencm3_stm32f1.a(gpio.o)
 .debug_macro   0x0000161a      0xdfd ../libopencm3/lib\libopencm3_stm32f1.a(gpio.o)
 .debug_macro   0x00002417       0xe0 ../libopencm3/lib\libopencm3_stm32f1.a(rcc.o)
 .debug_macro   0x000024f7       0x16 ../libopencm3/lib\libopencm3_stm32f1.a(rcc.o)
 .debug_macro   0x0000250d      0x825 ../libopencm3/lib\libopencm3_stm32f1.a(rcc.o)
 .debug_macro   0x00002d32       0xb9 ../libopencm3/lib\libopencm3_stm32f1.a(gpio_common_all.o)
 .debug_macro   0x00002deb       0xcf ../libopencm3/lib\libopencm3_stm32f1.a(rcc_common_all.o)
 .debug_macro   0x00002eba       0xb9 ../libopencm3/lib\libopencm3_stm32f1.a(flash_common_f01.o)
 .debug_macro   0x00002f73      0x15b ../libopencm3/lib\libopencm3_stm32f1.a(usb.o)
 .debug_macro   0x000030ce       0x6e ../libopencm3/lib\libopencm3_stm32f1.a(usb.o)
 .debug_macro   0x0000313c       0x24 ../libopencm3/lib\libopencm3_stm32f1.a(usb.o)
 .debug_macro   0x00003160       0x94 ../libopencm3/lib\libopencm3_stm32f1.a(usb.o)
 .debug_macro   0x000031f4       0x3c ../libopencm3/lib\libopencm3_stm32f1.a(usb.o)
 .debug_macro   0x00003230       0x34 ../libopencm3/lib\libopencm3_stm32f1.a(usb.o)
 .debug_macro   0x00003264      0x189 ../libopencm3/lib\libopencm3_stm32f1.a(usb.o)
 .debug_macro   0x000033ed       0x16 ../libopencm3/lib\libopencm3_stm32f1.a(usb.o)
 .debug_macro   0x00003403       0x43 ../libopencm3/lib\libopencm3_stm32f1.a(usb.o)
 .debug_macro   0x00003446       0x57 ../libopencm3/lib\libopencm3_stm32f1.a(usb.o)
 .debug_macro   0x0000349d       0x34 ../libopencm3/lib\libopencm3_stm32f1.a(usb.o)
 .debug_macro   0x000034d1       0x10 ../libopencm3/lib\libopencm3_stm32f1.a(usb.o)
 .debug_macro   0x000034e1       0x58 ../libopencm3/lib\libopencm3_stm32f1.a(usb.o)
 .debug_macro   0x00003539      0x1de ../libopencm3/lib\libopencm3_stm32f1.a(usb.o)
 .debug_macro   0x00003717      0x369 ../libopencm3/lib\libopencm3_stm32f1.a(usb.o)
 .debug_macro   0x00003a80       0x10 ../libopencm3/lib\libopencm3_stm32f1.a(usb.o)
 .debug_macro   0x00003a90       0x35 ../libopencm3/lib\libopencm3_stm32f1.a(usb.o)
 .debug_macro   0x00003ac5      0x209 ../libopencm3/lib\libopencm3_stm32f1.a(usb.o)
 .debug_macro   0x00003cce       0x10 ../libopencm3/lib\libopencm3_stm32f1.a(usb.o)
 .debug_macro   0x00003cde       0x1c ../libopencm3/lib\libopencm3_stm32f1.a(usb.o)
 .debug_macro   0x00003cfa      0x15e ../libopencm3/lib\libopencm3_stm32f1.a(usb_control.o)
 .debug_macro   0x00003e58       0x16 ../libopencm3/lib\libopencm3_stm32f1.a(usb_control.o)
 .debug_macro   0x00003e6e      0x11c ../libopencm3/lib\libopencm3_stm32f1.a(usb_control.o)
 .debug_macro   0x00003f8a       0x94 ../libopencm3/lib\libopencm3_stm32f1.a(usb_control.o)
 .debug_macro   0x0000401e       0x16 ../libopencm3/lib\libopencm3_stm32f1.a(usb_control.o)
 .debug_macro   0x00004034       0x29 ../libopencm3/lib\libopencm3_stm32f1.a(usb_control.o)
 .debug_macro   0x0000405d      0x15b ../libopencm3/lib\libopencm3_stm32f1.a(usb_standard.o)
 .debug_macro   0x000041b8      0x10e ../libopencm3/lib\libopencm3_stm32f1.a(st_usbfs_v1.o)
 .debug_macro   0x000042c6       0x3a ../libopencm3/lib\libopencm3_stm32f1.a(st_usbfs_v1.o)
 .debug_macro   0x00004300      0x29e ../libopencm3/lib\libopencm3_stm32f1.a(st_usbfs_v1.o)
 .debug_macro   0x0000459e       0x28 ../libopencm3/lib\libopencm3_stm32f1.a(st_usbfs_v1.o)
 .debug_macro   0x000045c6      0x20f ../libopencm3/lib\libopencm3_stm32f1.a(st_usbfs_v1.o)
 .debug_macro   0x000047d5       0x10 ../libopencm3/lib\libopencm3_stm32f1.a(st_usbfs_v1.o)
 .debug_macro   0x000047e5       0xd0 ../libopencm3/lib\libopencm3_stm32f1.a(vector.o)
 .debug_macro   0x000048b5      0x3a1 ../libopencm3/lib\libopencm3_stm32f1.a(vector.o)
 .debug_macro   0x00004c56       0x6a ../libopencm3/lib\libopencm3_stm32f1.a(vector.o)
 .debug_macro   0x00004cc0      0x1a2 ../libopencm3/lib\libopencm3_stm32f1.a(vector.o)
 .debug_macro   0x00004e62      0x14f ../libopencm3/lib\libopencm3_stm32f1.a(scb.o)
 .debug_macro   0x00004fb1      0x10e ../libopencm3/lib\libopencm3_stm32f1.a(st_usbfs_core.o)

.debug_line_str
                0x00000000       0x87
 .debug_line_str
                0x00000000       0x87 c:/msys64/mingw64/bin/../lib/gcc/arm-none-eabi/12.2.0/../../../../arm-none-eabi/lib/thumb/v7-m/nofp\libc.a(libc_a-memcpy.o)
